// Jest Snapshot v1, https://goo.gl/fbAQLP

exports[`App should match snapshot 1`] = `
<div
  className="app-container"
>
  <h1>
    Car Carousel
  </h1>
  <Switch>
    <Route
      exact={true}
      path="/cars/:id"
      render={[Function]}
    />
  </Switch>
</div>
`;
